; source: ../programs/echo.fth
; instructions: 25, binary size: 160 bytes

; instructions:
  0x0000  MOVE   #256, R0                 ; 00 40 00 00 00 01 00 00
  0x0008  MOVE   (R0)+, R4                ; 04 20 00 00
  0x000c  CMP    #0, R4                   ; 04 40 00 0a 00 00 00 00
  0x0014  BEQ    #56                      ; 00 40 00 18 38 00 00 00
  0x001c  MOVE   (R0)+, R1                ; 01 20 00 00
  0x0020  OUT    R1, #2                   ; 40 01 00 26 02 00 00 00
  0x0028  SUB    #1, R4                   ; 04 40 00 05 01 00 00 00
  0x0030  JMP    #12                      ; 00 40 00 15 0c 00 00 00
  0x0038  MOVE   R0, -(R[DSP]6)           ; 36 00 00 00
  0x003c  IN     #3, R0                   ; 00 40 00 25 03 00 00 00
  0x0044  MOVE   R0, -(R[DSP]6)           ; 36 00 00 00
  0x0048  OUT    R0, #2                   ; 40 00 00 26 02 00 00 00
  0x0050  MOVE   (R[DSP]6)+, R0           ; 00 26 00 00
  0x0054  MOVE   R0, -(R[DSP]6)           ; 36 00 00 00
  0x0058  MOVE   #10, R0                  ; 00 40 00 00 0a 00 00 00
  0x0060  MOVE   (R[DSP]6)+, R1           ; 01 26 00 00
  0x0064  CMP    R0, R1                   ; 01 00 00 0a
  0x0068  BNE    #128                     ; 00 40 00 19 80 00 00 00
  0x0070  MOVE   #1, R0                   ; 00 40 00 00 01 00 00 00
  0x0078  JMP    #136                     ; 00 40 00 15 88 00 00 00
  0x0080  MOVE   #0, R0                   ; 00 40 00 00 00 00 00 00
  0x0088  CMP    #0, R0                   ; 00 40 00 0a 00 00 00 00
  0x0090  BEQ    #56                      ; 00 40 00 18 38 00 00 00
  0x0098  MOVE   (R[DSP]6)+, R0           ; 00 26 00 00
  0x009c  HALT                            ; 00 00 00 24
